---
source: masonry/examples/tests.rs
assertion_line: 64
expression: harness.root_widget()
---
Portal(
    Flex(
        Flex(
            Textbox(
                TextArea<>,
            ),
            Button(
                Label<Add task>,
            ),
        ),
    ),
    ScrollBar,
    ScrollBar,
)
