---
source: masonry/examples/to_do_list.rs
assertion_line: 90
expression: harness.root_widget()
---
Portal(
    Flex(
        Flex(
            Textbox(
                TextArea<>,
            ),
            Button(
                Label<Add task>,
            ),
        ),
    ),
    ScrollBar,
    ScrollBar,
)
