---
source: masonry/examples/calc_masonry.rs
assertion_line: 416
expression: harness.root_widget()
---
Flex(
    Label<>,
    Flex(
        CalcButton(
            SizedBox(
                Align(
                    Label<CE>,
                ),
            ),
        ),
        CalcButton(
            SizedBox(
                Align(
                    Label<C>,
                ),
            ),
        ),
        CalcButton(
            SizedBox(
                Align(
                    Label<⌫>,
                ),
            ),
        ),
        CalcButton(
            SizedBox(
                Align(
                    Label<÷>,
                ),
            ),
        ),
    ),
    Flex(
        CalcButton(
            SizedBox(
                Align(
                    Label<7>,
                ),
            ),
        ),
        CalcButton(
            SizedBox(
                Align(
                    Label<8>,
                ),
            ),
        ),
        CalcButton(
            SizedBox(
                Align(
                    Label<9>,
                ),
            ),
        ),
        CalcButton(
            SizedBox(
                Align(
                    Label<×>,
                ),
            ),
        ),
    ),
    Flex(
        CalcButton(
            SizedBox(
                Align(
                    Label<4>,
                ),
            ),
        ),
        CalcButton(
            SizedBox(
                Align(
                    Label<5>,
                ),
            ),
        ),
        CalcButton(
            SizedBox(
                Align(
                    Label<6>,
                ),
            ),
        ),
        CalcButton(
            SizedBox(
                Align(
                    Label<−>,
                ),
            ),
        ),
    ),
    Flex(
        CalcButton(
            SizedBox(
                Align(
                    Label<1>,
                ),
            ),
        ),
        CalcButton(
            SizedBox(
                Align(
                    Label<2>,
                ),
            ),
        ),
        CalcButton(
            SizedBox(
                Align(
                    Label<3>,
                ),
            ),
        ),
        CalcButton(
            SizedBox(
                Align(
                    Label<+>,
                ),
            ),
        ),
    ),
    Flex(
        CalcButton(
            SizedBox(
                Align(
                    Label<±>,
                ),
            ),
        ),
        CalcButton(
            SizedBox(
                Align(
                    Label<0>,
                ),
            ),
        ),
        CalcButton(
            SizedBox(
                Align(
                    Label<.>,
                ),
            ),
        ),
        CalcButton(
            SizedBox(
                Align(
                    Label<=>,
                ),
            ),
        ),
    ),
)
