---
source: masonry/examples/grid_masonry.rs
assertion_line: 142
expression: harness.root_widget()
---
Grid(
    SizedBox(
        Prose(
            TextArea<Change spacing by right and left clicking on the buttons>,
        ),
    ),
    Button(
        Label<X: 0, Y: 0, W: 1, H: 1>,
    ),
    Button(
        Label<X: 2, Y: 0, W: 2, H: 1>,
    ),
    Button(
        Label<X: 0, Y: 1, W: 1, H: 2>,
    ),
    Button(
        Label<X: 1, Y: 1, W: 2, H: 2>,
    ),
    Button(
        Label<X: 3, Y: 1, W: 1, H: 1>,
    ),
    Button(
        Label<X: 3, Y: 2, W: 1, H: 1>,
    ),
    Button(
        Label<X: 0, Y: 3, W: 4, H: 1>,
    ),
)
