---
source: crates/masonry/src/widget/tests/lifecycle_basic.rs
expression: record
---
[
    L(
        WidgetAdded,
    ),
    L(
        BuildFocusChain,
    ),
    Layout(
        400.0W×400.0H,
    ),
    L(
        Internal(
            ParentWindowOrigin {
                mouse_pos: None,
            },
        ),
    ),
]
